// Jest Snapshot v1, https://goo.gl/fbAQLP

exports[`Navbar.vue should render correctly 1`] = `
<div
  class="container"
>
  <div
    class="navbar-container"
  >
    <div
      class="navbar-left"
    >
      <img
        alt="Playfest"
        src="~/static/playfest.png"
      />
    </div>
     
    <div
      class="navbar-right"
    >
      <img
        alt="Narasi"
        src="~/static/logo.png"
      />
    </div>
  </div>
</div>
`;
